// Bun Snapshot v1, https://goo.gl/fbAQLP

exports[`Component Indicator 1`] = `"<progress id="indicator" class="htmx-indicator" style="position: fixed; top:0; left: 0;"></progress>"`;
