// Bun Snapshot v1, https://goo.gl/fbAQLP

exports[`Component NotificationContainer 1`] = `
"<section id="notification" style="--pico-background-color:var(--pico-form-element-background-color);--pico-border-color:var(--pico-form-element-border-color);--pico-color:var(--pico-form-element-color);--pico-box-shadow:none;position:fixed;max-width:300px;outline:0;top:var(--pico-form-element-spacing-vertical);right:var(--pico-form-element-spacing-horizontal);border:var(--pico-border-width) solid var(--pico-border-color);border-radius:var(--pico-border-radius);background-color:var(--pico-background-color);box-shadow:var(--pico-box-shadow);color:var(--pico-color);font-weight:var(--pico-font-weight);transition:background-color var(--pico-transition), border-color var(--pico-transition), color var(--pico-transition), box-shadow var(--pico-transition)"><script>
                const onNotify = new CustomEvent('notifyClose', { bubbles: true })
                document.body.addEventListener("notifyClose", function(event){
                    const selector = '[data-notificationid="' + event.detail.notificationid + '"]'
                    setTimeout(() => document.querySelectorAll(selector)[0]?.remove(), 3000)
                })
            </script></section>"
`;
